2026/08/19 01:09:02 Starting server on port http://localhost:4321
2026/08/19 01:10:20 Starting server on port http://localhost:4321
2026/08/19 01:10:32  Started GET /library/status
2026/08/19 01:10:32  Started GET /snapshots
2026/08/19 01:10:32  Started GET /health
2026/08/19 01:10:32 Completed in 2.90475ms
2026/08/19 01:10:32 Completed in 3.453958ms
2026/08/19 01:10:32 Completed in 3.529125ms
2026/08/19 01:10:37  Started GET /library/search
2026/08/19 01:10:37  Started GET /health
2026/08/19 01:10:37 Completed in 233µs
2026/08/19 01:10:37 Completed in 169.166µs
2026/08/19 01:10:40  Started POST /snapshots
2026/08/19 01:10:40 Completed in 4.362792ms
2026/08/19 01:10:40  Started GET /snapshots
2026/08/19 01:10:40 Completed in 547.959µs
2026/08/19 01:10:42  Started GET /health
2026/08/19 01:10:42 Completed in 93.125µs
2026/08/19 01:10:47  Started GET /health
2026/08/19 01:10:47 Completed in 92.083µs
2026/08/19 01:10:52  Started GET /library/status
2026/08/19 01:10:52 Completed in 57.333µs
2026/08/19 01:10:52  Started GET /health
2026/08/19 01:10:52 Completed in 59.416µs
2026/08/19 01:10:52  Started GET /snapshots
2026/08/19 01:10:52 Completed in 344.333µs
2026/08/19 01:10:54  Started GET /library/search
2026/08/19 01:10:54 Completed in 127.625µs
2026/08/19 01:10:55  Started POST /snapshots
2026/08/19 01:10:55 Completed in 3.701959ms
2026/08/19 01:10:55  Started GET /snapshots
2026/08/19 01:10:55 Completed in 3.582958ms
2026/08/19 01:11:03  Started GET /library/status
2026/08/19 01:11:03 Completed in 48.291µs
2026/08/19 01:11:03  Started GET /health
2026/08/19 01:11:03  Started GET /snapshots
2026/08/19 01:11:03 Completed in 35.709µs
2026/08/19 01:11:03 Completed in 745.416µs
2026/08/19 01:11:04  Started GET /library/search
2026/08/19 01:11:04 Completed in 186.25µs
2026/08/19 01:11:05  Started GET /library/search
2026/08/19 01:11:05 Completed in 166.542µs
2026/08/19 01:11:07  Started POST /snapshots
2026/08/19 01:11:07 Completed in 866.292µs
2026/08/19 01:11:07  Started GET /snapshots
2026/08/19 01:11:07 Completed in 1.776ms
2026/08/19 01:11:10  Started GET /snapshots
2026/08/19 01:11:10 Completed in 2.061333ms
2026/08/19 01:11:24  Started POST /build/finalize
2026/08/19 01:11:24 [percy] checking Node.js...
2026/08/19 01:11:24 [percy] Node.js found
2026/08/19 01:11:24 [percy] checking npm...
2026/08/19 01:11:24 [percy] npm found
2026/08/19 01:11:24 [percy] runtime directory: /Users/jostanmathias/Desktop/Development/Percy_chrome_ext/Distributables/percy-mac/runtime/percy
2026/08/19 01:11:24 [percy] Percy CLI not installed
2026/08/19 01:11:24 [percy] installing @percy/cli@latest...
2026/08/19 01:11:24 [percy] initializing npm project in /Users/jostanmathias/Desktop/Development/Percy_chrome_ext/Distributables/percy-mac/runtime/percy
2026/08/19 01:11:25 [percy] npm project initialized
2026/08/19 01:11:25 [percy] installing @percy/cli@latest...
2026/08/19 01:11:35 [percy] npm output:
npm warn deprecated inflight@1.0.6: This module is not supported, and leaks memory. Do not use it. Check out lru-cache if you want a good and tested way to coalesce async requests by a key value, which is much more comprehensive and powerful.
npm warn deprecated rimraf@3.0.2: Rimraf versions prior to v4 are no longer supported
npm warn deprecated glob@7.2.3: Old versions of glob are not supported, and contain widely publicized security vulnerabilities, which have been fixed in the current version. Please update. Support for old versions may be purchased (at exorbitant rates) by contacting i@izs.me

added 151 packages, and audited 152 packages in 10s

21 packages are looking for funding
  run `npm fund` for details

12 vulnerabilities (9 moderate, 3 high)

To address issues that do not require attention, run:
  npm audit fix

Some issues need review, and may require choosing
a different dependency.

Run `npm audit` for details.
2026/08/19 01:11:35 [percy] Percy CLI installation completed
2026/08/19 01:11:35 [build] Percy runtime ready
2026/08/19 01:11:35 [build] Starting Percy exec:start...
2026/08/19 01:11:35 [percy] Start() called
2026/08/19 01:11:35 [percy] executable: /Users/jostanmathias/Desktop/Development/Percy_chrome_ext/Distributables/percy-mac/runtime/percy/node_modules/.bin/percy
2026/08/19 01:11:35 [percy] Percy CLI exists
2026/08/19 01:11:35 [percy] launching: percy exec:start
2026/08/19 01:11:35 [percy] Percy process started
2026/08/19 01:11:40 [percy-cli] [percy] Notice: Percy collects CI logs to improve service and enhance your experience. These logs help us debug issues and provide insights on your dashboards, making it easier to optimize the product experience. Logs are stored securely for 30 days. You can opt out anytime with export PERCY_CLIENT_ERROR_LOGS=false, but keeping this enabled helps us offer the best support and features.
2026/08/19 01:11:41 [percy-cli] [percy] Downloading Chromium 1536376...
2026/08/19 01:12:05 [percy-cli] [percy] Successfully downloaded Chromium 1536376
2026/08/19 01:12:13 [percy-cli] [percy] Percy has started!
2026/08/19 01:12:13 [percy] Percy is ready
&{true {53041386 https://percy.io/9560f98d/web/meds-demo-51be56d1/builds/53041386}}
Uploading 1/3: cart
2026/08/19 01:12:15 [percy-cli] [percy] Snapshot taken: cart
✓ Completed 1/3
Uploading 2/3: home
2026/08/19 01:12:16 [percy-cli] [percy] Snapshot taken: home
✓ Completed 2/3
Uploading 3/3: checkout
2026/08/19 01:12:17 [percy-cli] [percy] Snapshot taken: checkout
✓ Completed 3/3
Percy finished processing snapshot
2026/08/19 01:12:19 [percy-cli] [percy] Uploading 1 snapshot...
2026/08/19 01:12:19 [percy-cli] [percy] Saved new allowed domains: rawcdn.githack.com
2026/08/19 01:12:20 Completed in 55.442861833s
2026/08/19 01:12:20 [percy-cli] [percy] Finalized build #1: https://percy.io/9560f98d/web/meds-demo-51be56d1/builds/53041386
2026/08/19 01:12:21 [percy-cli] [percy] Build's CLI and CI logs sent successfully. Please share this log ID with Percy team in case of any issues - 53041386_build_53041386_cli_7d69c3ee51235041fe8d417428ac452657c56788
2026/08/19 01:12:27  Started GET /snapshots
2026/08/19 01:12:27 Completed in 475.875µs
